// Jest Snapshot v1, https://goo.gl/fbAQLP

exports[`test of camponent GiftItem should to match with the snapshot 1`] = `
<div>
  <div
    class="card"
  >
    <img
      alt="Avatars"
      src="https://giphy.com/gifs/TOEIAnimationUK-goku-dragon-ball-super-broly-WOb8EeFziTQNE02WXs"
    />
    <p>
      Avatars
    </p>
  </div>
</div>
`;
